
hwlibs/src/alt_timers.o:     file format elf32-littlearm


Disassembly of section .text.alt_gpt_all_tmr_uninit:

00000000 <alt_gpt_all_tmr_uninit>:
   0:	4a0d      	ldr	r2, [pc, #52]	; (38 <alt_gpt_all_tmr_uninit+0x38>)
   2:	2000      	movs	r0, #0
   4:	6953      	ldr	r3, [r2, #20]
   6:	f443 6370 	orr.w	r3, r3, #3840	; 0xf00
   a:	6153      	str	r3, [r2, #20]
   c:	4b0b      	ldr	r3, [pc, #44]	; (3c <alt_gpt_all_tmr_uninit+0x3c>)
   e:	f8d3 2608 	ldr.w	r2, [r3, #1544]	; 0x608
  12:	f022 0205 	bic.w	r2, r2, #5
  16:	f8c3 2608 	str.w	r2, [r3, #1544]	; 0x608
  1a:	f8c3 0600 	str.w	r0, [r3, #1536]	; 0x600
  1e:	2201      	movs	r2, #1
  20:	f8c3 260c 	str.w	r2, [r3, #1548]	; 0x60c
  24:	f8d3 2608 	ldr.w	r2, [r3, #1544]	; 0x608
  28:	f422 427f 	bic.w	r2, r2, #65280	; 0xff00
  2c:	f022 0207 	bic.w	r2, r2, #7
  30:	f8c3 2608 	str.w	r2, [r3, #1544]	; 0x608
  34:	4770      	bx	lr
  36:	bf00      	nop
  38:	ffd05000 	.word	0xffd05000
  3c:	fffec000 	.word	0xfffec000

Disassembly of section .text.alt_gpt_all_tmr_init:

00000000 <alt_gpt_all_tmr_init>:
   0:	b508      	push	{r3, lr}
   2:	f7ff fffe 	bl	0 <alt_gpt_all_tmr_init>
   6:	4a03      	ldr	r2, [pc, #12]	; (14 <alt_gpt_all_tmr_init+0x14>)
   8:	2000      	movs	r0, #0
   a:	6953      	ldr	r3, [r2, #20]
   c:	f423 6370 	bic.w	r3, r3, #3840	; 0xf00
  10:	6153      	str	r3, [r2, #20]
  12:	bd08      	pop	{r3, pc}
  14:	ffd05000 	.word	0xffd05000

Disassembly of section .text.alt_gpt_tmr_stop:

00000000 <alt_gpt_tmr_stop>:
   0:	b508      	push	{r3, lr}
   2:	b918      	cbnz	r0, c <alt_gpt_tmr_stop+0xc>
   4:	e8bd 4008 	ldmia.w	sp!, {r3, lr}
   8:	f7ff bffe 	b.w	0 <alt_globaltmr_stop>
   c:	2802      	cmp	r0, #2
   e:	d107      	bne.n	20 <alt_gpt_tmr_stop+0x20>
  10:	f7ff fffe 	bl	0 <cpu_wdog_in_gpt_mode>
  14:	b1e8      	cbz	r0, 52 <alt_gpt_tmr_stop+0x52>
  16:	e8bd 4008 	ldmia.w	sp!, {r3, lr}
  1a:	2000      	movs	r0, #0
  1c:	f7ff bffe 	b.w	0 <alt_wdog_stop>
  20:	2801      	cmp	r0, #1
  22:	d00e      	beq.n	42 <alt_gpt_tmr_stop+0x42>
  24:	2803      	cmp	r0, #3
  26:	d00e      	beq.n	46 <alt_gpt_tmr_stop+0x46>
  28:	2804      	cmp	r0, #4
  2a:	d00e      	beq.n	4a <alt_gpt_tmr_stop+0x4a>
  2c:	2805      	cmp	r0, #5
  2e:	d00e      	beq.n	4e <alt_gpt_tmr_stop+0x4e>
  30:	2806      	cmp	r0, #6
  32:	d111      	bne.n	58 <alt_gpt_tmr_stop+0x58>
  34:	4b0a      	ldr	r3, [pc, #40]	; (60 <alt_gpt_tmr_stop+0x60>)
  36:	681a      	ldr	r2, [r3, #0]
  38:	2000      	movs	r0, #0
  3a:	f022 0201 	bic.w	r2, r2, #1
  3e:	601a      	str	r2, [r3, #0]
  40:	bd08      	pop	{r3, pc}
  42:	4b08      	ldr	r3, [pc, #32]	; (64 <alt_gpt_tmr_stop+0x64>)
  44:	e7f7      	b.n	36 <alt_gpt_tmr_stop+0x36>
  46:	4b08      	ldr	r3, [pc, #32]	; (68 <alt_gpt_tmr_stop+0x68>)
  48:	e7f5      	b.n	36 <alt_gpt_tmr_stop+0x36>
  4a:	4b08      	ldr	r3, [pc, #32]	; (6c <alt_gpt_tmr_stop+0x6c>)
  4c:	e7f3      	b.n	36 <alt_gpt_tmr_stop+0x36>
  4e:	4b08      	ldr	r3, [pc, #32]	; (70 <alt_gpt_tmr_stop+0x70>)
  50:	e7f1      	b.n	36 <alt_gpt_tmr_stop+0x36>
  52:	f04f 30ff 	mov.w	r0, #4294967295
  56:	e7f3      	b.n	40 <alt_gpt_tmr_stop+0x40>
  58:	f06f 0008 	mvn.w	r0, #8
  5c:	e7f0      	b.n	40 <alt_gpt_tmr_stop+0x40>
  5e:	bf00      	nop
  60:	ffc09008 	.word	0xffc09008
  64:	fffec608 	.word	0xfffec608
  68:	ffd00008 	.word	0xffd00008
  6c:	ffd01008 	.word	0xffd01008
  70:	ffc08008 	.word	0xffc08008

Disassembly of section .text.alt_gpt_tmr_start:

00000000 <alt_gpt_tmr_start>:
   0:	b508      	push	{r3, lr}
   2:	b918      	cbnz	r0, c <alt_gpt_tmr_start+0xc>
   4:	e8bd 4008 	ldmia.w	sp!, {r3, lr}
   8:	f7ff bffe 	b.w	0 <alt_globaltmr_start>
   c:	2802      	cmp	r0, #2
   e:	d107      	bne.n	20 <alt_gpt_tmr_start+0x20>
  10:	f7ff fffe 	bl	0 <cpu_wdog_in_gpt_mode>
  14:	b1e8      	cbz	r0, 52 <alt_gpt_tmr_start+0x52>
  16:	e8bd 4008 	ldmia.w	sp!, {r3, lr}
  1a:	2000      	movs	r0, #0
  1c:	f7ff bffe 	b.w	0 <alt_wdog_start>
  20:	2801      	cmp	r0, #1
  22:	d00e      	beq.n	42 <alt_gpt_tmr_start+0x42>
  24:	2803      	cmp	r0, #3
  26:	d00e      	beq.n	46 <alt_gpt_tmr_start+0x46>
  28:	2804      	cmp	r0, #4
  2a:	d00e      	beq.n	4a <alt_gpt_tmr_start+0x4a>
  2c:	2805      	cmp	r0, #5
  2e:	d00e      	beq.n	4e <alt_gpt_tmr_start+0x4e>
  30:	2806      	cmp	r0, #6
  32:	d111      	bne.n	58 <alt_gpt_tmr_start+0x58>
  34:	4b0a      	ldr	r3, [pc, #40]	; (60 <alt_gpt_tmr_start+0x60>)
  36:	681a      	ldr	r2, [r3, #0]
  38:	2000      	movs	r0, #0
  3a:	f042 0201 	orr.w	r2, r2, #1
  3e:	601a      	str	r2, [r3, #0]
  40:	bd08      	pop	{r3, pc}
  42:	4b08      	ldr	r3, [pc, #32]	; (64 <alt_gpt_tmr_start+0x64>)
  44:	e7f7      	b.n	36 <alt_gpt_tmr_start+0x36>
  46:	4b08      	ldr	r3, [pc, #32]	; (68 <alt_gpt_tmr_start+0x68>)
  48:	e7f5      	b.n	36 <alt_gpt_tmr_start+0x36>
  4a:	4b08      	ldr	r3, [pc, #32]	; (6c <alt_gpt_tmr_start+0x6c>)
  4c:	e7f3      	b.n	36 <alt_gpt_tmr_start+0x36>
  4e:	4b08      	ldr	r3, [pc, #32]	; (70 <alt_gpt_tmr_start+0x70>)
  50:	e7f1      	b.n	36 <alt_gpt_tmr_start+0x36>
  52:	f04f 30ff 	mov.w	r0, #4294967295
  56:	e7f3      	b.n	40 <alt_gpt_tmr_start+0x40>
  58:	f06f 0008 	mvn.w	r0, #8
  5c:	e7f0      	b.n	40 <alt_gpt_tmr_start+0x40>
  5e:	bf00      	nop
  60:	ffc09008 	.word	0xffc09008
  64:	fffec608 	.word	0xfffec608
  68:	ffd00008 	.word	0xffd00008
  6c:	ffd01008 	.word	0xffd01008
  70:	ffc08008 	.word	0xffc08008

Disassembly of section .text.alt_gpt_tmr_is_running:

00000000 <alt_gpt_tmr_is_running>:
   0:	b508      	push	{r3, lr}
   2:	b928      	cbnz	r0, 10 <alt_gpt_tmr_is_running+0x10>
   4:	f7ff fffe 	bl	0 <alt_globaltmr_is_comp_mode>
   8:	b108      	cbz	r0, e <alt_gpt_tmr_is_running+0xe>
   a:	f7ff fffe 	bl	0 <alt_globaltmr_is_running>
   e:	bd08      	pop	{r3, pc}
  10:	2802      	cmp	r0, #2
  12:	d103      	bne.n	1c <alt_gpt_tmr_is_running+0x1c>
  14:	2000      	movs	r0, #0
  16:	f7ff fffe 	bl	0 <alt_wdog_tmr_is_enabled>
  1a:	e7f8      	b.n	e <alt_gpt_tmr_is_running+0xe>
  1c:	2801      	cmp	r0, #1
  1e:	d00c      	beq.n	3a <alt_gpt_tmr_is_running+0x3a>
  20:	2803      	cmp	r0, #3
  22:	d00c      	beq.n	3e <alt_gpt_tmr_is_running+0x3e>
  24:	2804      	cmp	r0, #4
  26:	d00c      	beq.n	42 <alt_gpt_tmr_is_running+0x42>
  28:	2805      	cmp	r0, #5
  2a:	d00c      	beq.n	46 <alt_gpt_tmr_is_running+0x46>
  2c:	2806      	cmp	r0, #6
  2e:	d10c      	bne.n	4a <alt_gpt_tmr_is_running+0x4a>
  30:	4b07      	ldr	r3, [pc, #28]	; (50 <alt_gpt_tmr_is_running+0x50>)
  32:	6818      	ldr	r0, [r3, #0]
  34:	f000 0001 	and.w	r0, r0, #1
  38:	e7e9      	b.n	e <alt_gpt_tmr_is_running+0xe>
  3a:	4b06      	ldr	r3, [pc, #24]	; (54 <alt_gpt_tmr_is_running+0x54>)
  3c:	e7f9      	b.n	32 <alt_gpt_tmr_is_running+0x32>
  3e:	4b06      	ldr	r3, [pc, #24]	; (58 <alt_gpt_tmr_is_running+0x58>)
  40:	e7f7      	b.n	32 <alt_gpt_tmr_is_running+0x32>
  42:	4b06      	ldr	r3, [pc, #24]	; (5c <alt_gpt_tmr_is_running+0x5c>)
  44:	e7f5      	b.n	32 <alt_gpt_tmr_is_running+0x32>
  46:	4b06      	ldr	r3, [pc, #24]	; (60 <alt_gpt_tmr_is_running+0x60>)
  48:	e7f3      	b.n	32 <alt_gpt_tmr_is_running+0x32>
  4a:	f06f 0008 	mvn.w	r0, #8
  4e:	e7de      	b.n	e <alt_gpt_tmr_is_running+0xe>
  50:	ffc09008 	.word	0xffc09008
  54:	fffec608 	.word	0xfffec608
  58:	ffd00008 	.word	0xffd00008
  5c:	ffd01008 	.word	0xffd01008
  60:	ffc08008 	.word	0xffc08008

Disassembly of section .text.alt_gpt_counter_set:

00000000 <alt_gpt_counter_set>:
   0:	b538      	push	{r3, r4, r5, lr}
   2:	4604      	mov	r4, r0
   4:	460d      	mov	r5, r1
   6:	f7ff fffe 	bl	0 <alt_gpt_counter_set>
   a:	b110      	cbz	r0, 12 <alt_gpt_counter_set+0x12>
   c:	4620      	mov	r0, r4
   e:	f7ff fffe 	bl	0 <alt_gpt_counter_set>
  12:	b924      	cbnz	r4, 1e <alt_gpt_counter_set+0x1e>
  14:	4628      	mov	r0, r5
  16:	e8bd 4038 	ldmia.w	sp!, {r3, r4, r5, lr}
  1a:	f7ff bffe 	b.w	0 <alt_globaltmr_autoinc_set>
  1e:	2c02      	cmp	r4, #2
  20:	d105      	bne.n	2e <alt_gpt_counter_set+0x2e>
  22:	4629      	mov	r1, r5
  24:	2000      	movs	r0, #0
  26:	e8bd 4038 	ldmia.w	sp!, {r3, r4, r5, lr}
  2a:	f7ff bffe 	b.w	0 <alt_wdog_counter_set>
  2e:	2c01      	cmp	r4, #1
  30:	d00b      	beq.n	4a <alt_gpt_counter_set+0x4a>
  32:	2c03      	cmp	r4, #3
  34:	d00b      	beq.n	4e <alt_gpt_counter_set+0x4e>
  36:	2c04      	cmp	r4, #4
  38:	d00b      	beq.n	52 <alt_gpt_counter_set+0x52>
  3a:	2c05      	cmp	r4, #5
  3c:	d00b      	beq.n	56 <alt_gpt_counter_set+0x56>
  3e:	2c06      	cmp	r4, #6
  40:	d10b      	bne.n	5a <alt_gpt_counter_set+0x5a>
  42:	4b07      	ldr	r3, [pc, #28]	; (60 <alt_gpt_counter_set+0x60>)
  44:	601d      	str	r5, [r3, #0]
  46:	2000      	movs	r0, #0
  48:	bd38      	pop	{r3, r4, r5, pc}
  4a:	4b06      	ldr	r3, [pc, #24]	; (64 <alt_gpt_counter_set+0x64>)
  4c:	e7fa      	b.n	44 <alt_gpt_counter_set+0x44>
  4e:	4b06      	ldr	r3, [pc, #24]	; (68 <alt_gpt_counter_set+0x68>)
  50:	e7f8      	b.n	44 <alt_gpt_counter_set+0x44>
  52:	4b06      	ldr	r3, [pc, #24]	; (6c <alt_gpt_counter_set+0x6c>)
  54:	e7f6      	b.n	44 <alt_gpt_counter_set+0x44>
  56:	4b06      	ldr	r3, [pc, #24]	; (70 <alt_gpt_counter_set+0x70>)
  58:	e7f4      	b.n	44 <alt_gpt_counter_set+0x44>
  5a:	f06f 0008 	mvn.w	r0, #8
  5e:	e7f3      	b.n	48 <alt_gpt_counter_set+0x48>
  60:	ffc09000 	.word	0xffc09000
  64:	fffec600 	.word	0xfffec600
  68:	ffd00000 	.word	0xffd00000
  6c:	ffd01000 	.word	0xffd01000
  70:	ffc08000 	.word	0xffc08000

Disassembly of section .text.alt_gpt_counter_get:

00000000 <alt_gpt_counter_get>:
   0:	b908      	cbnz	r0, 6 <alt_gpt_counter_get+0x6>
   2:	f7ff bffe 	b.w	0 <alt_globaltmr_counter_get_low32>
   6:	2802      	cmp	r0, #2
   8:	d102      	bne.n	10 <alt_gpt_counter_get+0x10>
   a:	2000      	movs	r0, #0
   c:	f7ff bffe 	b.w	0 <alt_wdog_counter_get_current>
  10:	2801      	cmp	r0, #1
  12:	d00a      	beq.n	2a <alt_gpt_counter_get+0x2a>
  14:	2803      	cmp	r0, #3
  16:	d00a      	beq.n	2e <alt_gpt_counter_get+0x2e>
  18:	2804      	cmp	r0, #4
  1a:	d00a      	beq.n	32 <alt_gpt_counter_get+0x32>
  1c:	2805      	cmp	r0, #5
  1e:	d00a      	beq.n	36 <alt_gpt_counter_get+0x36>
  20:	2806      	cmp	r0, #6
  22:	d10a      	bne.n	3a <alt_gpt_counter_get+0x3a>
  24:	4b06      	ldr	r3, [pc, #24]	; (40 <alt_gpt_counter_get+0x40>)
  26:	6818      	ldr	r0, [r3, #0]
  28:	4770      	bx	lr
  2a:	4b06      	ldr	r3, [pc, #24]	; (44 <alt_gpt_counter_get+0x44>)
  2c:	e7fb      	b.n	26 <alt_gpt_counter_get+0x26>
  2e:	4b06      	ldr	r3, [pc, #24]	; (48 <alt_gpt_counter_get+0x48>)
  30:	e7f9      	b.n	26 <alt_gpt_counter_get+0x26>
  32:	4b06      	ldr	r3, [pc, #24]	; (4c <alt_gpt_counter_get+0x4c>)
  34:	e7f7      	b.n	26 <alt_gpt_counter_get+0x26>
  36:	4b06      	ldr	r3, [pc, #24]	; (50 <alt_gpt_counter_get+0x50>)
  38:	e7f5      	b.n	26 <alt_gpt_counter_get+0x26>
  3a:	2000      	movs	r0, #0
  3c:	4770      	bx	lr
  3e:	bf00      	nop
  40:	ffc09004 	.word	0xffc09004
  44:	fffec604 	.word	0xfffec604
  48:	ffd00004 	.word	0xffd00004
  4c:	ffd01004 	.word	0xffd01004
  50:	ffc08004 	.word	0xffc08004

Disassembly of section .text.alt_gpt_reset_value_get:

00000000 <alt_gpt_reset_value_get>:
   0:	b908      	cbnz	r0, 6 <alt_gpt_reset_value_get+0x6>
   2:	f7ff bffe 	b.w	0 <alt_globaltmr_autoinc_get>
   6:	2802      	cmp	r0, #2
   8:	d102      	bne.n	10 <alt_gpt_reset_value_get+0x10>
   a:	2000      	movs	r0, #0
   c:	f7ff bffe 	b.w	0 <alt_wdog_counter_get_init>
  10:	2801      	cmp	r0, #1
  12:	d00a      	beq.n	2a <alt_gpt_reset_value_get+0x2a>
  14:	2803      	cmp	r0, #3
  16:	d00a      	beq.n	2e <alt_gpt_reset_value_get+0x2e>
  18:	2804      	cmp	r0, #4
  1a:	d00a      	beq.n	32 <alt_gpt_reset_value_get+0x32>
  1c:	2805      	cmp	r0, #5
  1e:	d00a      	beq.n	36 <alt_gpt_reset_value_get+0x36>
  20:	2806      	cmp	r0, #6
  22:	d10a      	bne.n	3a <alt_gpt_reset_value_get+0x3a>
  24:	4b06      	ldr	r3, [pc, #24]	; (40 <alt_gpt_reset_value_get+0x40>)
  26:	6818      	ldr	r0, [r3, #0]
  28:	4770      	bx	lr
  2a:	4b06      	ldr	r3, [pc, #24]	; (44 <alt_gpt_reset_value_get+0x44>)
  2c:	e7fb      	b.n	26 <alt_gpt_reset_value_get+0x26>
  2e:	4b06      	ldr	r3, [pc, #24]	; (48 <alt_gpt_reset_value_get+0x48>)
  30:	e7f9      	b.n	26 <alt_gpt_reset_value_get+0x26>
  32:	4b06      	ldr	r3, [pc, #24]	; (4c <alt_gpt_reset_value_get+0x4c>)
  34:	e7f7      	b.n	26 <alt_gpt_reset_value_get+0x26>
  36:	4b06      	ldr	r3, [pc, #24]	; (50 <alt_gpt_reset_value_get+0x50>)
  38:	e7f5      	b.n	26 <alt_gpt_reset_value_get+0x26>
  3a:	2000      	movs	r0, #0
  3c:	4770      	bx	lr
  3e:	bf00      	nop
  40:	ffc09000 	.word	0xffc09000
  44:	fffec600 	.word	0xfffec600
  48:	ffd00000 	.word	0xffd00000
  4c:	ffd01000 	.word	0xffd01000
  50:	ffc08000 	.word	0xffc08000

Disassembly of section .text.alt_gpt_maxcounter_get:

00000000 <alt_gpt_maxcounter_get>:
   0:	b168      	cbz	r0, 1e <alt_gpt_maxcounter_get+0x1e>
   2:	2802      	cmp	r0, #2
   4:	d102      	bne.n	c <alt_gpt_maxcounter_get+0xc>
   6:	2000      	movs	r0, #0
   8:	f7ff bffe 	b.w	0 <alt_wdog_counter_get_max>
   c:	2801      	cmp	r0, #1
   e:	d006      	beq.n	1e <alt_gpt_maxcounter_get+0x1e>
  10:	3803      	subs	r0, #3
  12:	2803      	cmp	r0, #3
  14:	f04f 30ff 	mov.w	r0, #4294967295
  18:	bf88      	it	hi
  1a:	2000      	movhi	r0, #0
  1c:	4770      	bx	lr
  1e:	f04f 30ff 	mov.w	r0, #4294967295
  22:	4770      	bx	lr

Disassembly of section .text.alt_gpt_prescaler_set:

00000000 <alt_gpt_prescaler_set>:
   0:	4603      	mov	r3, r0
   2:	4608      	mov	r0, r1
   4:	b91b      	cbnz	r3, e <alt_gpt_prescaler_set+0xe>
   6:	29ff      	cmp	r1, #255	; 0xff
   8:	d816      	bhi.n	38 <alt_gpt_prescaler_set+0x38>
   a:	f7ff bffe 	b.w	0 <alt_globaltmr_prescaler_set>
   e:	2b02      	cmp	r3, #2
  10:	d103      	bne.n	1a <alt_gpt_prescaler_set+0x1a>
  12:	29ff      	cmp	r1, #255	; 0xff
  14:	d810      	bhi.n	38 <alt_gpt_prescaler_set+0x38>
  16:	f7ff bffe 	b.w	0 <alt_wdog_core_prescaler_set>
  1a:	2b01      	cmp	r3, #1
  1c:	d10c      	bne.n	38 <alt_gpt_prescaler_set+0x38>
  1e:	29ff      	cmp	r1, #255	; 0xff
  20:	d80a      	bhi.n	38 <alt_gpt_prescaler_set+0x38>
  22:	4b07      	ldr	r3, [pc, #28]	; (40 <alt_gpt_prescaler_set+0x40>)
  24:	f8d3 1608 	ldr.w	r1, [r3, #1544]	; 0x608
  28:	f421 417f 	bic.w	r1, r1, #65280	; 0xff00
  2c:	ea41 2100 	orr.w	r1, r1, r0, lsl #8
  30:	2000      	movs	r0, #0
  32:	f8c3 1608 	str.w	r1, [r3, #1544]	; 0x608
  36:	4770      	bx	lr
  38:	f06f 0008 	mvn.w	r0, #8
  3c:	4770      	bx	lr
  3e:	bf00      	nop
  40:	fffec000 	.word	0xfffec000

Disassembly of section .text.alt_gpt_prescaler_get:

00000000 <alt_gpt_prescaler_get>:
   0:	b908      	cbnz	r0, 6 <alt_gpt_prescaler_get+0x6>
   2:	f7ff bffe 	b.w	0 <alt_globaltmr_prescaler_get>
   6:	2802      	cmp	r0, #2
   8:	d101      	bne.n	e <alt_gpt_prescaler_get+0xe>
   a:	f7ff bffe 	b.w	0 <alt_wdog_core_prescaler_get>
   e:	2801      	cmp	r0, #1
  10:	bf03      	ittte	eq
  12:	4b03      	ldreq	r3, [pc, #12]	; (20 <alt_gpt_prescaler_get+0x20>)
  14:	f8d3 0608 	ldreq.w	r0, [r3, #1544]	; 0x608
  18:	f3c0 2007 	ubfxeq	r0, r0, #8, #8
  1c:	2000      	movne	r0, #0
  1e:	4770      	bx	lr
  20:	fffec000 	.word	0xfffec000

Disassembly of section .text.alt_gpt_curtime_get_kernl:

00000000 <alt_gpt_curtime_get_kernl>:
   0:	e92d 45f7 	stmdb	sp!, {r0, r1, r2, r4, r5, r6, r7, r8, sl, lr}
   4:	4604      	mov	r4, r0
   6:	468a      	mov	sl, r1
   8:	f7ff fffe 	bl	0 <alt_gpt_curtime_get_kernl>
   c:	4605      	mov	r5, r0
   e:	28ff      	cmp	r0, #255	; 0xff
  10:	d84a      	bhi.n	a8 <alt_gpt_curtime_get_kernl+0xa8>
  12:	bb3c      	cbnz	r4, 64 <alt_gpt_curtime_get_kernl+0x64>
  14:	f7ff fffe 	bl	0 <alt_globaltmr_comp_get64>
  18:	4606      	mov	r6, r0
  1a:	460f      	mov	r7, r1
  1c:	f7ff fffe 	bl	0 <alt_globaltmr_get64>
  20:	1a36      	subs	r6, r6, r0
  22:	f04f 0015 	mov.w	r0, #21
  26:	eb67 0701 	sbc.w	r7, r7, r1
  2a:	a901      	add	r1, sp, #4
  2c:	f7ff fffe 	bl	0 <alt_clk_freq_get>
  30:	4680      	mov	r8, r0
  32:	b998      	cbnz	r0, 5c <alt_gpt_curtime_get_kernl+0x5c>
  34:	3501      	adds	r5, #1
  36:	4643      	mov	r3, r8
  38:	f04f 34ff 	mov.w	r4, #4294967295
  3c:	fba5 250a 	umull	r2, r5, r5, sl
  40:	4357      	muls	r7, r2
  42:	fb06 7105 	mla	r1, r6, r5, r7
  46:	fba2 0606 	umull	r0, r6, r2, r6
  4a:	9a01      	ldr	r2, [sp, #4]
  4c:	4431      	add	r1, r6
  4e:	f7ff fffe 	bl	0 <__aeabi_uldivmod>
  52:	4284      	cmp	r4, r0
  54:	eb78 0301 	sbcs.w	r3, r8, r1
  58:	d300      	bcc.n	5c <alt_gpt_curtime_get_kernl+0x5c>
  5a:	4604      	mov	r4, r0
  5c:	4620      	mov	r0, r4
  5e:	b003      	add	sp, #12
  60:	e8bd 85f0 	ldmia.w	sp!, {r4, r5, r6, r7, r8, sl, pc}
  64:	2c02      	cmp	r4, #2
  66:	d107      	bne.n	78 <alt_gpt_curtime_get_kernl+0x78>
  68:	2000      	movs	r0, #0
  6a:	f7ff fffe 	bl	0 <alt_wdog_counter_get_current>
  6e:	4604      	mov	r4, r0
  70:	2015      	movs	r0, #21
  72:	4626      	mov	r6, r4
  74:	2700      	movs	r7, #0
  76:	e7d8      	b.n	2a <alt_gpt_curtime_get_kernl+0x2a>
  78:	2c01      	cmp	r4, #1
  7a:	d00a      	beq.n	92 <alt_gpt_curtime_get_kernl+0x92>
  7c:	2c03      	cmp	r4, #3
  7e:	d00c      	beq.n	9a <alt_gpt_curtime_get_kernl+0x9a>
  80:	2c04      	cmp	r4, #4
  82:	d00d      	beq.n	a0 <alt_gpt_curtime_get_kernl+0xa0>
  84:	2c05      	cmp	r4, #5
  86:	d00d      	beq.n	a4 <alt_gpt_curtime_get_kernl+0xa4>
  88:	2c06      	cmp	r4, #6
  8a:	d10d      	bne.n	a8 <alt_gpt_curtime_get_kernl+0xa8>
  8c:	4b07      	ldr	r3, [pc, #28]	; (ac <alt_gpt_curtime_get_kernl+0xac>)
  8e:	201b      	movs	r0, #27
  90:	e001      	b.n	96 <alt_gpt_curtime_get_kernl+0x96>
  92:	4b07      	ldr	r3, [pc, #28]	; (b0 <alt_gpt_curtime_get_kernl+0xb0>)
  94:	2015      	movs	r0, #21
  96:	681c      	ldr	r4, [r3, #0]
  98:	e7eb      	b.n	72 <alt_gpt_curtime_get_kernl+0x72>
  9a:	4b06      	ldr	r3, [pc, #24]	; (b4 <alt_gpt_curtime_get_kernl+0xb4>)
  9c:	200c      	movs	r0, #12
  9e:	e7fa      	b.n	96 <alt_gpt_curtime_get_kernl+0x96>
  a0:	4b05      	ldr	r3, [pc, #20]	; (b8 <alt_gpt_curtime_get_kernl+0xb8>)
  a2:	e7fb      	b.n	9c <alt_gpt_curtime_get_kernl+0x9c>
  a4:	4b05      	ldr	r3, [pc, #20]	; (bc <alt_gpt_curtime_get_kernl+0xbc>)
  a6:	e7f2      	b.n	8e <alt_gpt_curtime_get_kernl+0x8e>
  a8:	2400      	movs	r4, #0
  aa:	e7d7      	b.n	5c <alt_gpt_curtime_get_kernl+0x5c>
  ac:	ffc09004 	.word	0xffc09004
  b0:	fffec604 	.word	0xfffec604
  b4:	ffd00004 	.word	0xffd00004
  b8:	ffd01004 	.word	0xffd01004
  bc:	ffc08004 	.word	0xffc08004

Disassembly of section .text.alt_gpt_curtime_get:

00000000 <alt_gpt_curtime_get>:
   0:	2101      	movs	r1, #1
   2:	f7ff bffe 	b.w	0 <alt_gpt_curtime_get>

Disassembly of section .text.alt_gpt_curtime_millisecs_get:

00000000 <alt_gpt_curtime_millisecs_get>:
   0:	f44f 717a 	mov.w	r1, #1000	; 0x3e8
   4:	f7ff bffe 	b.w	0 <alt_gpt_curtime_millisecs_get>

Disassembly of section .text.alt_gpt_curtime_microsecs_get:

00000000 <alt_gpt_curtime_microsecs_get>:
   0:	4901      	ldr	r1, [pc, #4]	; (8 <alt_gpt_curtime_microsecs_get+0x8>)
   2:	f7ff bffe 	b.w	0 <alt_gpt_curtime_microsecs_get>
   6:	bf00      	nop
   8:	000f4240 	.word	0x000f4240

Disassembly of section .text.alt_gpt_curtime_nanosecs_get:

00000000 <alt_gpt_curtime_nanosecs_get>:
   0:	4901      	ldr	r1, [pc, #4]	; (8 <alt_gpt_curtime_nanosecs_get+0x8>)
   2:	f7ff bffe 	b.w	0 <alt_gpt_curtime_nanosecs_get>
   6:	bf00      	nop
   8:	3b9aca00 	.word	0x3b9aca00

Disassembly of section .text.alt_gpt_delay_ns:

00000000 <alt_gpt_delay_ns>:
   0:	b5f7      	push	{r0, r1, r2, r4, r5, r6, r7, lr}
   2:	4605      	mov	r5, r0
   4:	460c      	mov	r4, r1
   6:	4616      	mov	r6, r2
   8:	f7ff fffe 	bl	0 <alt_gpt_delay_ns>
   c:	2d04      	cmp	r5, #4
   e:	4607      	mov	r7, r0
  10:	d824      	bhi.n	5c <alt_gpt_delay_ns+0x5c>
  12:	2d02      	cmp	r5, #2
  14:	bf8c      	ite	hi
  16:	200c      	movhi	r0, #12
  18:	2015      	movls	r0, #21
  1a:	a901      	add	r1, sp, #4
  1c:	f7ff fffe 	bl	0 <alt_clk_freq_get>
  20:	9901      	ldr	r1, [sp, #4]
  22:	1c7a      	adds	r2, r7, #1
  24:	2300      	movs	r3, #0
  26:	fba6 0101 	umull	r0, r1, r6, r1
  2a:	f7ff fffe 	bl	0 <__aeabi_uldivmod>
  2e:	a318      	add	r3, pc, #96	; (adr r3, 90 <alt_gpt_delay_ns+0x90>)
  30:	e9d3 2300 	ldrd	r2, r3, [r3]
  34:	f7ff fffe 	bl	0 <__aeabi_uldivmod>
  38:	1c46      	adds	r6, r0, #1
  3a:	42b4      	cmp	r4, r6
  3c:	d313      	bcc.n	66 <alt_gpt_delay_ns+0x66>
  3e:	4628      	mov	r0, r5
  40:	1ba4      	subs	r4, r4, r6
  42:	f7ff fffe 	bl	0 <alt_gpt_delay_ns>
  46:	4606      	mov	r6, r0
  48:	4628      	mov	r0, r5
  4a:	f7ff fffe 	bl	0 <alt_gpt_delay_ns>
  4e:	4284      	cmp	r4, r0
  50:	d801      	bhi.n	56 <alt_gpt_delay_ns+0x56>
  52:	4286      	cmp	r6, r0
  54:	d2f7      	bcs.n	46 <alt_gpt_delay_ns+0x46>
  56:	2000      	movs	r0, #0
  58:	b003      	add	sp, #12
  5a:	bdf0      	pop	{r4, r5, r6, r7, pc}
  5c:	1f6b      	subs	r3, r5, #5
  5e:	2b01      	cmp	r3, #1
  60:	d8f9      	bhi.n	56 <alt_gpt_delay_ns+0x56>
  62:	201b      	movs	r0, #27
  64:	e7d9      	b.n	1a <alt_gpt_delay_ns+0x1a>
  66:	4628      	mov	r0, r5
  68:	f7ff fffe 	bl	0 <alt_gpt_delay_ns>
  6c:	42a0      	cmp	r0, r4
  6e:	d3fa      	bcc.n	66 <alt_gpt_delay_ns+0x66>
  70:	1b36      	subs	r6, r6, r4
  72:	4628      	mov	r0, r5
  74:	f7ff fffe 	bl	0 <alt_gpt_delay_ns>
  78:	4604      	mov	r4, r0
  7a:	4286      	cmp	r6, r0
  7c:	d9dd      	bls.n	3a <alt_gpt_delay_ns+0x3a>
  7e:	4628      	mov	r0, r5
  80:	f7ff fffe 	bl	0 <alt_gpt_delay_ns>
  84:	42a0      	cmp	r0, r4
  86:	d0fa      	beq.n	7e <alt_gpt_delay_ns+0x7e>
  88:	e7d7      	b.n	3a <alt_gpt_delay_ns+0x3a>
  8a:	bf00      	nop
  8c:	f3af 8000 	nop.w
  90:	3b9aca00 	.word	0x3b9aca00
  94:	00000000 	.word	0x00000000

Disassembly of section .text.alt_gpt_time_get_kernl:

00000000 <alt_gpt_time_get_kernl>:
   0:	b5f7      	push	{r0, r1, r2, r4, r5, r6, r7, lr}
   2:	2802      	cmp	r0, #2
   4:	4605      	mov	r5, r0
   6:	460e      	mov	r6, r1
   8:	d908      	bls.n	1c <alt_gpt_time_get_kernl+0x1c>
   a:	1ec3      	subs	r3, r0, #3
   c:	2b01      	cmp	r3, #1
   e:	d92e      	bls.n	6e <alt_gpt_time_get_kernl+0x6e>
  10:	1f43      	subs	r3, r0, #5
  12:	2b01      	cmp	r3, #1
  14:	d92d      	bls.n	72 <alt_gpt_time_get_kernl+0x72>
  16:	2000      	movs	r0, #0
  18:	b003      	add	sp, #12
  1a:	bdf0      	pop	{r4, r5, r6, r7, pc}
  1c:	2015      	movs	r0, #21
  1e:	a901      	add	r1, sp, #4
  20:	f7ff fffe 	bl	0 <alt_clk_freq_get>
  24:	4607      	mov	r7, r0
  26:	2800      	cmp	r0, #0
  28:	d1f5      	bne.n	16 <alt_gpt_time_get_kernl+0x16>
  2a:	4628      	mov	r0, r5
  2c:	f7ff fffe 	bl	0 <alt_gpt_time_get_kernl>
  30:	4604      	mov	r4, r0
  32:	4628      	mov	r0, r5
  34:	f7ff fffe 	bl	0 <alt_gpt_time_get_kernl>
  38:	3401      	adds	r4, #1
  3a:	f100 0301 	add.w	r3, r0, #1
  3e:	f147 0100 	adc.w	r1, r7, #0
  42:	9a01      	ldr	r2, [sp, #4]
  44:	fba4 4303 	umull	r4, r3, r4, r3
  48:	fb00 1101 	mla	r1, r0, r1, r1
  4c:	4419      	add	r1, r3
  4e:	463b      	mov	r3, r7
  50:	fba6 0404 	umull	r0, r4, r6, r4
  54:	fb06 4101 	mla	r1, r6, r1, r4
  58:	f7ff fffe 	bl	0 <__aeabi_uldivmod>
  5c:	4603      	mov	r3, r0
  5e:	f04f 30ff 	mov.w	r0, #4294967295
  62:	4298      	cmp	r0, r3
  64:	eb77 0201 	sbcs.w	r2, r7, r1
  68:	bf28      	it	cs
  6a:	4618      	movcs	r0, r3
  6c:	e7d4      	b.n	18 <alt_gpt_time_get_kernl+0x18>
  6e:	200c      	movs	r0, #12
  70:	e7d5      	b.n	1e <alt_gpt_time_get_kernl+0x1e>
  72:	201b      	movs	r0, #27
  74:	e7d3      	b.n	1e <alt_gpt_time_get_kernl+0x1e>

Disassembly of section .text.alt_gpt_maxtime_get_kernl:

00000000 <alt_gpt_maxtime_get_kernl>:
   0:	b5f7      	push	{r0, r1, r2, r4, r5, r6, r7, lr}
   2:	2802      	cmp	r0, #2
   4:	4605      	mov	r5, r0
   6:	460e      	mov	r6, r1
   8:	d908      	bls.n	1c <alt_gpt_maxtime_get_kernl+0x1c>
   a:	1ec3      	subs	r3, r0, #3
   c:	2b01      	cmp	r3, #1
   e:	d92e      	bls.n	6e <alt_gpt_maxtime_get_kernl+0x6e>
  10:	1f43      	subs	r3, r0, #5
  12:	2b01      	cmp	r3, #1
  14:	d92d      	bls.n	72 <alt_gpt_maxtime_get_kernl+0x72>
  16:	2000      	movs	r0, #0
  18:	b003      	add	sp, #12
  1a:	bdf0      	pop	{r4, r5, r6, r7, pc}
  1c:	2015      	movs	r0, #21
  1e:	a901      	add	r1, sp, #4
  20:	f7ff fffe 	bl	0 <alt_clk_freq_get>
  24:	4607      	mov	r7, r0
  26:	2800      	cmp	r0, #0
  28:	d1f5      	bne.n	16 <alt_gpt_maxtime_get_kernl+0x16>
  2a:	4628      	mov	r0, r5
  2c:	f7ff fffe 	bl	0 <alt_gpt_maxtime_get_kernl>
  30:	4604      	mov	r4, r0
  32:	4628      	mov	r0, r5
  34:	f7ff fffe 	bl	0 <alt_gpt_maxtime_get_kernl>
  38:	3401      	adds	r4, #1
  3a:	f100 0301 	add.w	r3, r0, #1
  3e:	f147 0100 	adc.w	r1, r7, #0
  42:	9a01      	ldr	r2, [sp, #4]
  44:	fba4 4303 	umull	r4, r3, r4, r3
  48:	fb00 1101 	mla	r1, r0, r1, r1
  4c:	4419      	add	r1, r3
  4e:	463b      	mov	r3, r7
  50:	fba6 0404 	umull	r0, r4, r6, r4
  54:	fb06 4101 	mla	r1, r6, r1, r4
  58:	f7ff fffe 	bl	0 <__aeabi_uldivmod>
  5c:	4603      	mov	r3, r0
  5e:	f04f 30ff 	mov.w	r0, #4294967295
  62:	4298      	cmp	r0, r3
  64:	eb77 0201 	sbcs.w	r2, r7, r1
  68:	bf28      	it	cs
  6a:	4618      	movcs	r0, r3
  6c:	e7d4      	b.n	18 <alt_gpt_maxtime_get_kernl+0x18>
  6e:	200c      	movs	r0, #12
  70:	e7d5      	b.n	1e <alt_gpt_maxtime_get_kernl+0x1e>
  72:	201b      	movs	r0, #27
  74:	e7d3      	b.n	1e <alt_gpt_maxtime_get_kernl+0x1e>

Disassembly of section .text.alt_gpt_freq_get:

00000000 <alt_gpt_freq_get>:
   0:	b5f7      	push	{r0, r1, r2, r4, r5, r6, r7, lr}
   2:	4605      	mov	r5, r0
   4:	2d02      	cmp	r5, #2
   6:	f04f 0000 	mov.w	r0, #0
   a:	9001      	str	r0, [sp, #4]
   c:	d924      	bls.n	58 <alt_gpt_freq_get+0x58>
   e:	1eeb      	subs	r3, r5, #3
  10:	2b01      	cmp	r3, #1
  12:	d923      	bls.n	5c <alt_gpt_freq_get+0x5c>
  14:	1f6b      	subs	r3, r5, #5
  16:	2b01      	cmp	r3, #1
  18:	d81c      	bhi.n	54 <alt_gpt_freq_get+0x54>
  1a:	201b      	movs	r0, #27
  1c:	a901      	add	r1, sp, #4
  1e:	f7ff fffe 	bl	0 <alt_clk_freq_get>
  22:	4606      	mov	r6, r0
  24:	b9e0      	cbnz	r0, 60 <alt_gpt_freq_get+0x60>
  26:	4628      	mov	r0, r5
  28:	9f01      	ldr	r7, [sp, #4]
  2a:	f7ff fffe 	bl	0 <alt_gpt_freq_get>
  2e:	4604      	mov	r4, r0
  30:	4628      	mov	r0, r5
  32:	f7ff fffe 	bl	0 <alt_gpt_freq_get>
  36:	3401      	adds	r4, #1
  38:	f146 0300 	adc.w	r3, r6, #0
  3c:	1c42      	adds	r2, r0, #1
  3e:	4631      	mov	r1, r6
  40:	fb00 3303 	mla	r3, r0, r3, r3
  44:	4638      	mov	r0, r7
  46:	fba4 2402 	umull	r2, r4, r4, r2
  4a:	4423      	add	r3, r4
  4c:	f7ff fffe 	bl	0 <__aeabi_uldivmod>
  50:	9001      	str	r0, [sp, #4]
  52:	9801      	ldr	r0, [sp, #4]
  54:	b003      	add	sp, #12
  56:	bdf0      	pop	{r4, r5, r6, r7, pc}
  58:	2015      	movs	r0, #21
  5a:	e7df      	b.n	1c <alt_gpt_freq_get+0x1c>
  5c:	200c      	movs	r0, #12
  5e:	e7dd      	b.n	1c <alt_gpt_freq_get+0x1c>
  60:	2300      	movs	r3, #0
  62:	9301      	str	r3, [sp, #4]
  64:	e7f5      	b.n	52 <alt_gpt_freq_get+0x52>

Disassembly of section .text.alt_gpt_time_get:

00000000 <alt_gpt_time_get>:
   0:	2101      	movs	r1, #1
   2:	f7ff bffe 	b.w	0 <alt_gpt_time_get>

Disassembly of section .text.alt_gpt_time_millisecs_get:

00000000 <alt_gpt_time_millisecs_get>:
   0:	f44f 717a 	mov.w	r1, #1000	; 0x3e8
   4:	f7ff bffe 	b.w	0 <alt_gpt_time_millisecs_get>

Disassembly of section .text.alt_gpt_time_microsecs_get:

00000000 <alt_gpt_time_microsecs_get>:
   0:	4901      	ldr	r1, [pc, #4]	; (8 <alt_gpt_time_microsecs_get+0x8>)
   2:	f7ff bffe 	b.w	0 <alt_gpt_time_microsecs_get>
   6:	bf00      	nop
   8:	000f4240 	.word	0x000f4240

Disassembly of section .text.alt_gpt_maxtime_get:

00000000 <alt_gpt_maxtime_get>:
   0:	2101      	movs	r1, #1
   2:	f7ff bffe 	b.w	0 <alt_gpt_maxtime_get>

Disassembly of section .text.alt_gpt_maxtime_millisecs_get:

00000000 <alt_gpt_maxtime_millisecs_get>:
   0:	f44f 717a 	mov.w	r1, #1000	; 0x3e8
   4:	f7ff bffe 	b.w	0 <alt_gpt_maxtime_millisecs_get>

Disassembly of section .text.alt_gpt_int_enable:

00000000 <alt_gpt_int_enable>:
   0:	b508      	push	{r3, lr}
   2:	b918      	cbnz	r0, c <alt_gpt_int_enable+0xc>
   4:	e8bd 4008 	ldmia.w	sp!, {r3, lr}
   8:	f7ff bffe 	b.w	0 <alt_globaltmr_int_enable>
   c:	2802      	cmp	r0, #2
   e:	d107      	bne.n	20 <alt_gpt_int_enable+0x20>
  10:	f7ff fffe 	bl	0 <cpu_wdog_in_gpt_mode>
  14:	b318      	cbz	r0, 5e <alt_gpt_int_enable+0x5e>
  16:	e8bd 4008 	ldmia.w	sp!, {r3, lr}
  1a:	2000      	movs	r0, #0
  1c:	f7ff bffe 	b.w	0 <alt_wdog_int_enable>
  20:	2801      	cmp	r0, #1
  22:	d108      	bne.n	36 <alt_gpt_int_enable+0x36>
  24:	4a11      	ldr	r2, [pc, #68]	; (6c <alt_gpt_int_enable+0x6c>)
  26:	f8d2 3608 	ldr.w	r3, [r2, #1544]	; 0x608
  2a:	f043 0304 	orr.w	r3, r3, #4
  2e:	f8c2 3608 	str.w	r3, [r2, #1544]	; 0x608
  32:	2000      	movs	r0, #0
  34:	bd08      	pop	{r3, pc}
  36:	2803      	cmp	r0, #3
  38:	d00b      	beq.n	52 <alt_gpt_int_enable+0x52>
  3a:	2804      	cmp	r0, #4
  3c:	d00b      	beq.n	56 <alt_gpt_int_enable+0x56>
  3e:	2805      	cmp	r0, #5
  40:	d00b      	beq.n	5a <alt_gpt_int_enable+0x5a>
  42:	2806      	cmp	r0, #6
  44:	d10e      	bne.n	64 <alt_gpt_int_enable+0x64>
  46:	4b0a      	ldr	r3, [pc, #40]	; (70 <alt_gpt_int_enable+0x70>)
  48:	681a      	ldr	r2, [r3, #0]
  4a:	f022 0204 	bic.w	r2, r2, #4
  4e:	601a      	str	r2, [r3, #0]
  50:	e7ef      	b.n	32 <alt_gpt_int_enable+0x32>
  52:	4b08      	ldr	r3, [pc, #32]	; (74 <alt_gpt_int_enable+0x74>)
  54:	e7f8      	b.n	48 <alt_gpt_int_enable+0x48>
  56:	4b08      	ldr	r3, [pc, #32]	; (78 <alt_gpt_int_enable+0x78>)
  58:	e7f6      	b.n	48 <alt_gpt_int_enable+0x48>
  5a:	4b08      	ldr	r3, [pc, #32]	; (7c <alt_gpt_int_enable+0x7c>)
  5c:	e7f4      	b.n	48 <alt_gpt_int_enable+0x48>
  5e:	f04f 30ff 	mov.w	r0, #4294967295
  62:	e7e7      	b.n	34 <alt_gpt_int_enable+0x34>
  64:	f06f 0008 	mvn.w	r0, #8
  68:	e7e4      	b.n	34 <alt_gpt_int_enable+0x34>
  6a:	bf00      	nop
  6c:	fffec000 	.word	0xfffec000
  70:	ffc09008 	.word	0xffc09008
  74:	ffd00008 	.word	0xffd00008
  78:	ffd01008 	.word	0xffd01008
  7c:	ffc08008 	.word	0xffc08008

Disassembly of section .text.alt_gpt_int_is_enabled:

00000000 <alt_gpt_int_is_enabled>:
   0:	b508      	push	{r3, lr}
   2:	b918      	cbnz	r0, c <alt_gpt_int_is_enabled+0xc>
   4:	e8bd 4008 	ldmia.w	sp!, {r3, lr}
   8:	f7ff bffe 	b.w	0 <alt_globaltmr_int_is_enabled>
   c:	2802      	cmp	r0, #2
   e:	d107      	bne.n	20 <alt_gpt_int_is_enabled+0x20>
  10:	f7ff fffe 	bl	0 <cpu_wdog_in_gpt_mode>
  14:	b158      	cbz	r0, 2e <alt_gpt_int_is_enabled+0x2e>
  16:	e8bd 4008 	ldmia.w	sp!, {r3, lr}
  1a:	2000      	movs	r0, #0
  1c:	f7ff bffe 	b.w	0 <alt_wdog_int_is_enabled>
  20:	2801      	cmp	r0, #1
  22:	d105      	bne.n	30 <alt_gpt_int_is_enabled+0x30>
  24:	4b0d      	ldr	r3, [pc, #52]	; (5c <alt_gpt_int_is_enabled+0x5c>)
  26:	f8d3 0608 	ldr.w	r0, [r3, #1544]	; 0x608
  2a:	f3c0 0080 	ubfx	r0, r0, #2, #1
  2e:	bd08      	pop	{r3, pc}
  30:	2803      	cmp	r0, #3
  32:	d00a      	beq.n	4a <alt_gpt_int_is_enabled+0x4a>
  34:	2804      	cmp	r0, #4
  36:	d00a      	beq.n	4e <alt_gpt_int_is_enabled+0x4e>
  38:	2805      	cmp	r0, #5
  3a:	d00a      	beq.n	52 <alt_gpt_int_is_enabled+0x52>
  3c:	2806      	cmp	r0, #6
  3e:	d10a      	bne.n	56 <alt_gpt_int_is_enabled+0x56>
  40:	4b07      	ldr	r3, [pc, #28]	; (60 <alt_gpt_int_is_enabled+0x60>)
  42:	6818      	ldr	r0, [r3, #0]
  44:	f080 0004 	eor.w	r0, r0, #4
  48:	e7ef      	b.n	2a <alt_gpt_int_is_enabled+0x2a>
  4a:	4b06      	ldr	r3, [pc, #24]	; (64 <alt_gpt_int_is_enabled+0x64>)
  4c:	e7f9      	b.n	42 <alt_gpt_int_is_enabled+0x42>
  4e:	4b06      	ldr	r3, [pc, #24]	; (68 <alt_gpt_int_is_enabled+0x68>)
  50:	e7f7      	b.n	42 <alt_gpt_int_is_enabled+0x42>
  52:	4b06      	ldr	r3, [pc, #24]	; (6c <alt_gpt_int_is_enabled+0x6c>)
  54:	e7f5      	b.n	42 <alt_gpt_int_is_enabled+0x42>
  56:	2000      	movs	r0, #0
  58:	e7e9      	b.n	2e <alt_gpt_int_is_enabled+0x2e>
  5a:	bf00      	nop
  5c:	fffec000 	.word	0xfffec000
  60:	ffc09008 	.word	0xffc09008
  64:	ffd00008 	.word	0xffd00008
  68:	ffd01008 	.word	0xffd01008
  6c:	ffc08008 	.word	0xffc08008

Disassembly of section .text.alt_gpt_int_clear_pending:

00000000 <alt_gpt_int_clear_pending>:
   0:	b508      	push	{r3, lr}
   2:	b918      	cbnz	r0, c <alt_gpt_int_clear_pending+0xc>
   4:	e8bd 4008 	ldmia.w	sp!, {r3, lr}
   8:	f7ff bffe 	b.w	0 <alt_globaltmr_int_clear_pending>
   c:	2802      	cmp	r0, #2
   e:	d107      	bne.n	20 <alt_gpt_int_clear_pending+0x20>
  10:	f7ff fffe 	bl	0 <cpu_wdog_in_gpt_mode>
  14:	b1e8      	cbz	r0, 52 <alt_gpt_int_clear_pending+0x52>
  16:	e8bd 4008 	ldmia.w	sp!, {r3, lr}
  1a:	2000      	movs	r0, #0
  1c:	f7ff bffe 	b.w	0 <alt_wdog_int_clear>
  20:	2801      	cmp	r0, #1
  22:	d104      	bne.n	2e <alt_gpt_int_clear_pending+0x2e>
  24:	4b0e      	ldr	r3, [pc, #56]	; (60 <alt_gpt_int_clear_pending+0x60>)
  26:	f8c3 060c 	str.w	r0, [r3, #1548]	; 0x60c
  2a:	2000      	movs	r0, #0
  2c:	bd08      	pop	{r3, pc}
  2e:	2803      	cmp	r0, #3
  30:	d103      	bne.n	3a <alt_gpt_int_clear_pending+0x3a>
  32:	4b0c      	ldr	r3, [pc, #48]	; (64 <alt_gpt_int_clear_pending+0x64>)
  34:	f8d3 30a4 	ldr.w	r3, [r3, #164]	; 0xa4
  38:	e7f7      	b.n	2a <alt_gpt_int_clear_pending+0x2a>
  3a:	2804      	cmp	r0, #4
  3c:	d101      	bne.n	42 <alt_gpt_int_clear_pending+0x42>
  3e:	4b0a      	ldr	r3, [pc, #40]	; (68 <alt_gpt_int_clear_pending+0x68>)
  40:	e7f8      	b.n	34 <alt_gpt_int_clear_pending+0x34>
  42:	2805      	cmp	r0, #5
  44:	d101      	bne.n	4a <alt_gpt_int_clear_pending+0x4a>
  46:	4b09      	ldr	r3, [pc, #36]	; (6c <alt_gpt_int_clear_pending+0x6c>)
  48:	e7f4      	b.n	34 <alt_gpt_int_clear_pending+0x34>
  4a:	2806      	cmp	r0, #6
  4c:	d104      	bne.n	58 <alt_gpt_int_clear_pending+0x58>
  4e:	4b08      	ldr	r3, [pc, #32]	; (70 <alt_gpt_int_clear_pending+0x70>)
  50:	e7f0      	b.n	34 <alt_gpt_int_clear_pending+0x34>
  52:	f04f 30ff 	mov.w	r0, #4294967295
  56:	e7e9      	b.n	2c <alt_gpt_int_clear_pending+0x2c>
  58:	f06f 0008 	mvn.w	r0, #8
  5c:	e7e6      	b.n	2c <alt_gpt_int_clear_pending+0x2c>
  5e:	bf00      	nop
  60:	fffec000 	.word	0xfffec000
  64:	ffd00000 	.word	0xffd00000
  68:	ffd01000 	.word	0xffd01000
  6c:	ffc08000 	.word	0xffc08000
  70:	ffc09000 	.word	0xffc09000

Disassembly of section .text.alt_gpt_tmr_reset:

00000000 <alt_gpt_tmr_reset>:
   0:	b510      	push	{r4, lr}
   2:	4604      	mov	r4, r0
   4:	f7ff fffe 	bl	0 <alt_gpt_tmr_reset>
   8:	b940      	cbnz	r0, 1c <alt_gpt_tmr_reset+0x1c>
   a:	4620      	mov	r0, r4
   c:	f7ff fffe 	bl	0 <alt_gpt_tmr_reset>
  10:	b948      	cbnz	r0, 26 <alt_gpt_tmr_reset+0x26>
  12:	4620      	mov	r0, r4
  14:	e8bd 4010 	ldmia.w	sp!, {r4, lr}
  18:	f7ff bffe 	b.w	0 <alt_gpt_tmr_reset>
  1c:	4620      	mov	r0, r4
  1e:	f7ff fffe 	bl	0 <alt_gpt_tmr_reset>
  22:	2800      	cmp	r0, #0
  24:	d0f1      	beq.n	a <alt_gpt_tmr_reset+0xa>
  26:	bd10      	pop	{r4, pc}

Disassembly of section .text.alt_gpt_int_disable:

00000000 <alt_gpt_int_disable>:
   0:	b538      	push	{r3, r4, r5, lr}
   2:	4604      	mov	r4, r0
   4:	b938      	cbnz	r0, 16 <alt_gpt_int_disable+0x16>
   6:	f7ff fffe 	bl	0 <alt_globaltmr_int_disable>
   a:	4605      	mov	r5, r0
   c:	4620      	mov	r0, r4
   e:	f7ff fffe 	bl	0 <alt_gpt_int_disable>
  12:	4628      	mov	r0, r5
  14:	bd38      	pop	{r3, r4, r5, pc}
  16:	2802      	cmp	r0, #2
  18:	d103      	bne.n	22 <alt_gpt_int_disable+0x22>
  1a:	2000      	movs	r0, #0
  1c:	f7ff fffe 	bl	0 <alt_wdog_int_disable>
  20:	e7f3      	b.n	a <alt_gpt_int_disable+0xa>
  22:	2801      	cmp	r0, #1
  24:	d108      	bne.n	38 <alt_gpt_int_disable+0x38>
  26:	4a10      	ldr	r2, [pc, #64]	; (68 <alt_gpt_int_disable+0x68>)
  28:	f8d2 3608 	ldr.w	r3, [r2, #1544]	; 0x608
  2c:	f023 0304 	bic.w	r3, r3, #4
  30:	f8c2 3608 	str.w	r3, [r2, #1544]	; 0x608
  34:	2500      	movs	r5, #0
  36:	e7e9      	b.n	c <alt_gpt_int_disable+0xc>
  38:	2803      	cmp	r0, #3
  3a:	d00b      	beq.n	54 <alt_gpt_int_disable+0x54>
  3c:	2804      	cmp	r0, #4
  3e:	d00b      	beq.n	58 <alt_gpt_int_disable+0x58>
  40:	2805      	cmp	r0, #5
  42:	d00b      	beq.n	5c <alt_gpt_int_disable+0x5c>
  44:	2806      	cmp	r0, #6
  46:	d10b      	bne.n	60 <alt_gpt_int_disable+0x60>
  48:	4b08      	ldr	r3, [pc, #32]	; (6c <alt_gpt_int_disable+0x6c>)
  4a:	681a      	ldr	r2, [r3, #0]
  4c:	f042 0204 	orr.w	r2, r2, #4
  50:	601a      	str	r2, [r3, #0]
  52:	e7ef      	b.n	34 <alt_gpt_int_disable+0x34>
  54:	4b06      	ldr	r3, [pc, #24]	; (70 <alt_gpt_int_disable+0x70>)
  56:	e7f8      	b.n	4a <alt_gpt_int_disable+0x4a>
  58:	4b06      	ldr	r3, [pc, #24]	; (74 <alt_gpt_int_disable+0x74>)
  5a:	e7f6      	b.n	4a <alt_gpt_int_disable+0x4a>
  5c:	4b06      	ldr	r3, [pc, #24]	; (78 <alt_gpt_int_disable+0x78>)
  5e:	e7f4      	b.n	4a <alt_gpt_int_disable+0x4a>
  60:	f06f 0508 	mvn.w	r5, #8
  64:	e7d5      	b.n	12 <alt_gpt_int_disable+0x12>
  66:	bf00      	nop
  68:	fffec000 	.word	0xfffec000
  6c:	ffc09008 	.word	0xffc09008
  70:	ffd00008 	.word	0xffd00008
  74:	ffd01008 	.word	0xffd01008
  78:	ffc08008 	.word	0xffc08008

Disassembly of section .text.alt_gpt_int_is_pending:

00000000 <alt_gpt_int_is_pending>:
   0:	b508      	push	{r3, lr}
   2:	b910      	cbnz	r0, a <alt_gpt_int_is_pending+0xa>
   4:	f7ff fffe 	bl	0 <alt_globaltmr_int_is_pending>
   8:	bd08      	pop	{r3, pc}
   a:	2802      	cmp	r0, #2
   c:	d106      	bne.n	1c <alt_gpt_int_is_pending+0x1c>
   e:	f7ff fffe 	bl	0 <cpu_wdog_in_gpt_mode>
  12:	b1d0      	cbz	r0, 4a <alt_gpt_int_is_pending+0x4a>
  14:	2000      	movs	r0, #0
  16:	f7ff fffe 	bl	0 <alt_wdog_int_is_pending>
  1a:	e7f5      	b.n	8 <alt_gpt_int_is_pending+0x8>
  1c:	2801      	cmp	r0, #1
  1e:	d00c      	beq.n	3a <alt_gpt_int_is_pending+0x3a>
  20:	2803      	cmp	r0, #3
  22:	d00c      	beq.n	3e <alt_gpt_int_is_pending+0x3e>
  24:	2804      	cmp	r0, #4
  26:	d00c      	beq.n	42 <alt_gpt_int_is_pending+0x42>
  28:	2805      	cmp	r0, #5
  2a:	d00c      	beq.n	46 <alt_gpt_int_is_pending+0x46>
  2c:	2806      	cmp	r0, #6
  2e:	d10f      	bne.n	50 <alt_gpt_int_is_pending+0x50>
  30:	4b09      	ldr	r3, [pc, #36]	; (58 <alt_gpt_int_is_pending+0x58>)
  32:	6818      	ldr	r0, [r3, #0]
  34:	f000 0001 	and.w	r0, r0, #1
  38:	e7e6      	b.n	8 <alt_gpt_int_is_pending+0x8>
  3a:	4b08      	ldr	r3, [pc, #32]	; (5c <alt_gpt_int_is_pending+0x5c>)
  3c:	e7f9      	b.n	32 <alt_gpt_int_is_pending+0x32>
  3e:	4b08      	ldr	r3, [pc, #32]	; (60 <alt_gpt_int_is_pending+0x60>)
  40:	e7f7      	b.n	32 <alt_gpt_int_is_pending+0x32>
  42:	4b08      	ldr	r3, [pc, #32]	; (64 <alt_gpt_int_is_pending+0x64>)
  44:	e7f5      	b.n	32 <alt_gpt_int_is_pending+0x32>
  46:	4b08      	ldr	r3, [pc, #32]	; (68 <alt_gpt_int_is_pending+0x68>)
  48:	e7f3      	b.n	32 <alt_gpt_int_is_pending+0x32>
  4a:	f04f 30ff 	mov.w	r0, #4294967295
  4e:	e7db      	b.n	8 <alt_gpt_int_is_pending+0x8>
  50:	f06f 0008 	mvn.w	r0, #8
  54:	e7d8      	b.n	8 <alt_gpt_int_is_pending+0x8>
  56:	bf00      	nop
  58:	ffc09010 	.word	0xffc09010
  5c:	fffec60c 	.word	0xfffec60c
  60:	ffd00010 	.word	0xffd00010
  64:	ffd01010 	.word	0xffd01010
  68:	ffc08010 	.word	0xffc08010

Disassembly of section .text.alt_gpt_int_if_pending_clear:

00000000 <alt_gpt_int_if_pending_clear>:
   0:	4602      	mov	r2, r0
   2:	b508      	push	{r3, lr}
   4:	b910      	cbnz	r0, c <alt_gpt_int_if_pending_clear+0xc>
   6:	f7ff fffe 	bl	0 <alt_globaltmr_int_if_pending_clear>
   a:	bd08      	pop	{r3, pc}
   c:	2802      	cmp	r0, #2
   e:	d106      	bne.n	1e <alt_gpt_int_if_pending_clear+0x1e>
  10:	f7ff fffe 	bl	0 <cpu_wdog_in_gpt_mode>
  14:	b320      	cbz	r0, 60 <alt_gpt_int_if_pending_clear+0x60>
  16:	2000      	movs	r0, #0
  18:	f7ff fffe 	bl	0 <alt_wdog_int_if_pending_clear>
  1c:	e7f5      	b.n	a <alt_gpt_int_if_pending_clear+0xa>
  1e:	2801      	cmp	r0, #1
  20:	d109      	bne.n	36 <alt_gpt_int_if_pending_clear+0x36>
  22:	4912      	ldr	r1, [pc, #72]	; (6c <alt_gpt_int_if_pending_clear+0x6c>)
  24:	f8d1 060c 	ldr.w	r0, [r1, #1548]	; 0x60c
  28:	f010 0001 	ands.w	r0, r0, #1
  2c:	d0ed      	beq.n	a <alt_gpt_int_if_pending_clear+0xa>
  2e:	f8c1 260c 	str.w	r2, [r1, #1548]	; 0x60c
  32:	2001      	movs	r0, #1
  34:	e7e9      	b.n	a <alt_gpt_int_if_pending_clear+0xa>
  36:	2803      	cmp	r0, #3
  38:	d106      	bne.n	48 <alt_gpt_int_if_pending_clear+0x48>
  3a:	4b0d      	ldr	r3, [pc, #52]	; (70 <alt_gpt_int_if_pending_clear+0x70>)
  3c:	6918      	ldr	r0, [r3, #16]
  3e:	f010 0001 	ands.w	r0, r0, #1
  42:	d0e2      	beq.n	a <alt_gpt_int_if_pending_clear+0xa>
  44:	68db      	ldr	r3, [r3, #12]
  46:	e7f4      	b.n	32 <alt_gpt_int_if_pending_clear+0x32>
  48:	2804      	cmp	r0, #4
  4a:	d101      	bne.n	50 <alt_gpt_int_if_pending_clear+0x50>
  4c:	4b09      	ldr	r3, [pc, #36]	; (74 <alt_gpt_int_if_pending_clear+0x74>)
  4e:	e7f5      	b.n	3c <alt_gpt_int_if_pending_clear+0x3c>
  50:	2805      	cmp	r0, #5
  52:	d101      	bne.n	58 <alt_gpt_int_if_pending_clear+0x58>
  54:	4b08      	ldr	r3, [pc, #32]	; (78 <alt_gpt_int_if_pending_clear+0x78>)
  56:	e7f1      	b.n	3c <alt_gpt_int_if_pending_clear+0x3c>
  58:	2806      	cmp	r0, #6
  5a:	d104      	bne.n	66 <alt_gpt_int_if_pending_clear+0x66>
  5c:	4b07      	ldr	r3, [pc, #28]	; (7c <alt_gpt_int_if_pending_clear+0x7c>)
  5e:	e7ed      	b.n	3c <alt_gpt_int_if_pending_clear+0x3c>
  60:	f04f 30ff 	mov.w	r0, #4294967295
  64:	e7d1      	b.n	a <alt_gpt_int_if_pending_clear+0xa>
  66:	f06f 0008 	mvn.w	r0, #8
  6a:	e7ce      	b.n	a <alt_gpt_int_if_pending_clear+0xa>
  6c:	fffec000 	.word	0xfffec000
  70:	ffd00000 	.word	0xffd00000
  74:	ffd01000 	.word	0xffd01000
  78:	ffc08000 	.word	0xffc08000
  7c:	ffc09000 	.word	0xffc09000

Disassembly of section .text.alt_gpt_mode_set:

00000000 <alt_gpt_mode_set>:
   0:	2901      	cmp	r1, #1
   2:	d838      	bhi.n	76 <alt_gpt_mode_set+0x76>
   4:	b928      	cbnz	r0, 12 <alt_gpt_mode_set+0x12>
   6:	2901      	cmp	r1, #1
   8:	d101      	bne.n	e <alt_gpt_mode_set+0xe>
   a:	f7ff bffe 	b.w	0 <alt_globaltmr_autoinc_mode_start>
   e:	f7ff bffe 	b.w	0 <alt_globaltmr_autoinc_mode_stop>
  12:	2802      	cmp	r0, #2
  14:	d108      	bne.n	28 <alt_gpt_mode_set+0x28>
  16:	2900      	cmp	r1, #0
  18:	bf08      	it	eq
  1a:	4601      	moveq	r1, r0
  1c:	f04f 0000 	mov.w	r0, #0
  20:	bf18      	it	ne
  22:	2103      	movne	r1, #3
  24:	f7ff bffe 	b.w	0 <alt_wdog_response_mode_set>
  28:	2801      	cmp	r0, #1
  2a:	d10c      	bne.n	46 <alt_gpt_mode_set+0x46>
  2c:	4a13      	ldr	r2, [pc, #76]	; (7c <alt_gpt_mode_set+0x7c>)
  2e:	2901      	cmp	r1, #1
  30:	f8d2 3608 	ldr.w	r3, [r2, #1544]	; 0x608
  34:	bf0c      	ite	eq
  36:	f043 0302 	orreq.w	r3, r3, #2
  3a:	f023 0302 	bicne.w	r3, r3, #2
  3e:	f8c2 3608 	str.w	r3, [r2, #1544]	; 0x608
  42:	2000      	movs	r0, #0
  44:	4770      	bx	lr
  46:	2803      	cmp	r0, #3
  48:	d00c      	beq.n	64 <alt_gpt_mode_set+0x64>
  4a:	2804      	cmp	r0, #4
  4c:	d00c      	beq.n	68 <alt_gpt_mode_set+0x68>
  4e:	2805      	cmp	r0, #5
  50:	d00c      	beq.n	6c <alt_gpt_mode_set+0x6c>
  52:	2806      	cmp	r0, #6
  54:	d10f      	bne.n	76 <alt_gpt_mode_set+0x76>
  56:	4b0a      	ldr	r3, [pc, #40]	; (80 <alt_gpt_mode_set+0x80>)
  58:	681a      	ldr	r2, [r3, #0]
  5a:	b949      	cbnz	r1, 70 <alt_gpt_mode_set+0x70>
  5c:	f022 0202 	bic.w	r2, r2, #2
  60:	601a      	str	r2, [r3, #0]
  62:	e7ee      	b.n	42 <alt_gpt_mode_set+0x42>
  64:	4b07      	ldr	r3, [pc, #28]	; (84 <alt_gpt_mode_set+0x84>)
  66:	e7f7      	b.n	58 <alt_gpt_mode_set+0x58>
  68:	4b07      	ldr	r3, [pc, #28]	; (88 <alt_gpt_mode_set+0x88>)
  6a:	e7f5      	b.n	58 <alt_gpt_mode_set+0x58>
  6c:	4b07      	ldr	r3, [pc, #28]	; (8c <alt_gpt_mode_set+0x8c>)
  6e:	e7f3      	b.n	58 <alt_gpt_mode_set+0x58>
  70:	f042 0202 	orr.w	r2, r2, #2
  74:	e7f4      	b.n	60 <alt_gpt_mode_set+0x60>
  76:	f06f 0008 	mvn.w	r0, #8
  7a:	4770      	bx	lr
  7c:	fffec000 	.word	0xfffec000
  80:	ffc09008 	.word	0xffc09008
  84:	ffd00008 	.word	0xffd00008
  88:	ffd01008 	.word	0xffd01008
  8c:	ffc08008 	.word	0xffc08008

Disassembly of section .text.alt_gpt_mode_get:

00000000 <alt_gpt_mode_get>:
   0:	b508      	push	{r3, lr}
   2:	b910      	cbnz	r0, a <alt_gpt_mode_get+0xa>
   4:	f7ff fffe 	bl	0 <alt_globaltmr_is_autoinc_mode>
   8:	bd08      	pop	{r3, pc}
   a:	2802      	cmp	r0, #2
   c:	d10a      	bne.n	24 <alt_gpt_mode_get+0x24>
   e:	2000      	movs	r0, #0
  10:	f7ff fffe 	bl	0 <alt_wdog_response_mode_get>
  14:	2802      	cmp	r0, #2
  16:	d01e      	beq.n	56 <alt_gpt_mode_get+0x56>
  18:	2803      	cmp	r0, #3
  1a:	bf0c      	ite	eq
  1c:	2001      	moveq	r0, #1
  1e:	f04f 30ff 	movne.w	r0, #4294967295
  22:	e7f1      	b.n	8 <alt_gpt_mode_get+0x8>
  24:	2801      	cmp	r0, #1
  26:	d105      	bne.n	34 <alt_gpt_mode_get+0x34>
  28:	4b0d      	ldr	r3, [pc, #52]	; (60 <alt_gpt_mode_get+0x60>)
  2a:	f8d3 0608 	ldr.w	r0, [r3, #1544]	; 0x608
  2e:	f3c0 0040 	ubfx	r0, r0, #1, #1
  32:	e7e9      	b.n	8 <alt_gpt_mode_get+0x8>
  34:	2803      	cmp	r0, #3
  36:	d008      	beq.n	4a <alt_gpt_mode_get+0x4a>
  38:	2804      	cmp	r0, #4
  3a:	d008      	beq.n	4e <alt_gpt_mode_get+0x4e>
  3c:	2805      	cmp	r0, #5
  3e:	d008      	beq.n	52 <alt_gpt_mode_get+0x52>
  40:	2806      	cmp	r0, #6
  42:	d10a      	bne.n	5a <alt_gpt_mode_get+0x5a>
  44:	4b07      	ldr	r3, [pc, #28]	; (64 <alt_gpt_mode_get+0x64>)
  46:	6818      	ldr	r0, [r3, #0]
  48:	e7f1      	b.n	2e <alt_gpt_mode_get+0x2e>
  4a:	4b07      	ldr	r3, [pc, #28]	; (68 <alt_gpt_mode_get+0x68>)
  4c:	e7fb      	b.n	46 <alt_gpt_mode_get+0x46>
  4e:	4b07      	ldr	r3, [pc, #28]	; (6c <alt_gpt_mode_get+0x6c>)
  50:	e7f9      	b.n	46 <alt_gpt_mode_get+0x46>
  52:	4b07      	ldr	r3, [pc, #28]	; (70 <alt_gpt_mode_get+0x70>)
  54:	e7f7      	b.n	46 <alt_gpt_mode_get+0x46>
  56:	2000      	movs	r0, #0
  58:	e7d6      	b.n	8 <alt_gpt_mode_get+0x8>
  5a:	f06f 0008 	mvn.w	r0, #8
  5e:	e7d3      	b.n	8 <alt_gpt_mode_get+0x8>
  60:	fffec000 	.word	0xfffec000
  64:	ffc09008 	.word	0xffc09008
  68:	ffd00008 	.word	0xffd00008
  6c:	ffd01008 	.word	0xffd01008
  70:	ffc08008 	.word	0xffc08008
